╔══════════════════════════════════════════════════════════════════╗
║              AI-OS ARCHITECTURE MAP  v2.0-CC2                    ║
╠══════════════════════════════════════════════════════════════════╣
║  LAYER 7 │ APPLICATION & OUTPUT LAYER                            ║
║          │ [WebUI:1313] [TerminalUI] [APK:Chat] [APK:Operator]  ║
╠══════════╪═══════════════════════════════════════════════════════╣
║  LAYER 6 │ COMMAND & INTERFACE LAYER                             ║
║          │ [CommandCenter] [MenuSystem] [REPL] [API Endpoint]   ║
╠══════════╪═══════════════════════════════════════════════════════╣
║  LAYER 5 │ ENGINE & INTELLIGENCE LAYER                           ║
║          │ [AuraEngine] [BuilderEngine] [RepairEngine]           ║
║          │ [DocumentationEngine] [EvolutionEngine] [LegalCortex]║
╠══════════╪═══════════════════════════════════════════════════════╣
║  LAYER 4 │ PROCESS & MEMORY LAYER                                ║
║          │ [ProcessSupervisor] [MemoryMapController]             ║
║          │ [StateRegistry] [ProcWriters] [NodeMesh]              ║
╠══════════╪═══════════════════════════════════════════════════════╣
║  LAYER 3 │ KERNEL BRIDGE LAYER                                   ║
║          │ [HostBridge] [SandboxManager] [PermissionContainer]  ║
║          │ [ResourceTranslator] [HostCapabilityDetector]         ║
╠══════════╪═══════════════════════════════════════════════════════╣
║  LAYER 2 │ VIRTUAL HARDWARE LAYER                                ║
║          │ [VirtualCPU] [VirtualMemory:64MB] [VirtualStorage:1G]║
║          │ [VirtualNetwork:10.0.0.0/8] [VirtualSensors]         ║
╠══════════╪═══════════════════════════════════════════════════════╣
║  LAYER 1 │ PHYSICAL ABSTRACTION LAYER                            ║
║          │ [PolicyEngine] [SecurityKernel] [IdentityLock]        ║
║          │ [HeartbeatSystem] [Sandbox]                           ║
╠══════════╧═══════════════════════════════════════════════════════╣
║  IDENTITY │ Operator: Chris │ Level: OPERATOR-ONLY │ Locked: YES ║
╚══════════════════════════════════════════════════════════════════╝

  CONNECTIONS:
  Layer 7 ←→ Layer 6: UI Commands / Rendered Output
  Layer 6 ←→ Layer 5: Engine Directives / Status Reports
  Layer 5 ←→ Layer 4: State Reads/Writes / Process Spawn
  Layer 4 ←→ Layer 3: Memory Requests / Bridge Calls
  Layer 3 ←→ Layer 2: Virtual HW Access / Translation
  Layer 2 ←→ Layer 1: Security Checks / Identity Enforcement
  
  INTERNAL NETWORK:  10.0.0.0/8 (VIRTUAL - never touches host)
  HEARTBEAT:         Every 5 seconds via NodeMesh
  WEB SERVER:        http://localhost:1313
